-1
8.4500000000
-1
-1
-1
-1
8.4500000000
-1
-1
-1
-1
8.4500000000
-1
