0
0
0
0
0
1
0
1
1
0
0
3
0
4
4
2
4
11
0
19
19
15
30
51
16
101
92
99
198
268
172
575
513
676
1236
1513
1447
3438
3165
4656
7743
9191
10976
21149
20860
32319
49464
59167
79562
133704
142866
224420
323239
397816
565704
868188
999883
1559078
2159680
2751710
3992280
5783647
7089840
10858860
14720462
19368276
28141530
39415901
50680367
75992604
102094569
137804056
198851772
273776560
364227267
535180462
718491541
987498524
413311911
932603545
631544416
801095869
125571893
126288491
95209767
804491157
60179893
165929028
849506383
566232842
521560951
464586664
445915107
450558630
928440291
641088648
196057218
861511648
954988314
420820664
154304531
288372968
979662245
476096051
883956058
46760865
344928067
217126806
722442498
888110977
741310935
215283937
592678711
696852423
87657264
260428343
