1
3
10
35
132
519
2106
8750
37052
159319
693767
3053292
13559572
60687984
273464085
241352577
657454229
905198123
108937865
697826294
652834287
913740127
335498772
924281860
764485739
809852631
510088653
503744634
649158124
527915264
561961648
770231628
486313970
925363367
942435906
894515476
349561624
323366850
116208143
962991745
574767919
598334513
726180017
239529425
760489312
306406576
944286015
472014372
976152808
955308520
85693300
795483868
102410587
903332068
474618308
102950162
165548003
753351267
51005571
430372584
613611722
250212741
596458669
269455326
770952745
921619445
618508055
972685673
231391943
961755464
115306602
806370571
709914754
247568094
242221130
670693113
712249109
206433425
307450105
706030874
372906909
113818975
753032206
320308099
193767746
153711177
422504768
445172925
422028767
944563896
340658485
589081038
438970443
953726332
379995020
11803712
327532669
488188936
982999123
1360973
958734688
