0
0
0
0
0
0
0
0
0
0
0
0
1
1
0
0
0
1
0
0
0
0
0
0
0
3
4
2
0
0
4
4
0
0
0
3
1
0
9
20
15
6
1
19
31
15
0
0
19
24
4
31
90
112
64
23
91
206
172
60
5
118
225
134
128
412
704
630
294
489
1244
1519
904
280
712
1780
1694
1113
1969
4202
5157
3519
3187
7339
11447
9906
4824
5127
12705
16644
12566
12267
24561
38499
35443
27606
44653
79665
89935
61668
46117
88915
141091
134727
106332
154039
271071
318588
268532
308986
535541
732233
651334
480002
651281
1105264
1289919
1081663
1133933
1888763
2635789
2596454
2515948
3688389
5578555
6087120
5027012
5294642
8391119
11293124
10906236
9956813
13733911
20754538
23827951
22868541
27504228
41414782
52335411
49995102
47547742
64797741
93174354
103590999
95766241
109225276
160875879
207412777
214064142
227466148
312140020
427344449
467264669
449059567
