0
0
0
0
0
0
0
0
0
0
0
0
0
0
0
0
0
0
0
0
0
0
0
0
0
1
0
0
0
0
0
0
0
0
0
0
0
0
0
0
0
0
0
0
0
0
0
1
0
0
0
2
0
1
0
0
0
0
0
0
0
0
0
0
0
0
0
0
0
0
0
0
0
4
1
1
0
5
0
4
0
0
1
0
0
0
0
0
0
0
0
0
0
0
0
3
0
0
1
15
4
8
0
14
0
15
0
3
4
0
0
0
0
0
1
0
0
0
0
0
0
19
4
4
4
56
15
46
4
46
4
56
0
19
15
0
4
0
0
0
4
0
0
9
0
0
4
99
30
51
19
212
61
228
30
181
