0
0
1
1
0
2
5
2
5
19
19
19
71
116
113
280
603
735
1268
2946
4503
6699
14391
25817
38699
73427
142137
228559
397605
773223
1337607
2258818
4251399
7720043
13167457
23906674
44243187
77403496
137581382
254075349
455159330
805427090
473401638
678130510
768977090
632059308
766897324
340037881
64596859
183002366
812373437
325501089
811257420
953158472
943106591
917066679
313927396
73930988
89092472
576860989
325707393
425357444
723483417
406282954
168493281
957377254
530009520
232844741
229602445
15117470
909377163
719173259
637941245
838055665
976311334
567619464
688533283
74286480
844867421
284396902
30746575
419893719
402392470
548976747
636069297
297761252
514165117
550428356
261362467
276279156
475691737
760157020
987887760
61308845
734821093
645762056
771990599
46758486
436181414
748086893
105482642
61522271
333336630
296011737
131928248
516546848
873199906
557055236
675214812
739250999
550910726
563232701
558524244
232543200
264979242
9872736
757434502
705057332
709915939
356525703
