0
0
0
0
0
0
0
0
0
0
0
0
0
0
0
0
0
0
0
0
0
0
0
0
0
0
0
1
0
0
0
0
0
0
0
0
0
0
0
0
0
1
0
0
0
1
0
0
0
0
0
0
0
0
0
2
0
0
0
0
0
1
1
1
0
0
0
0
0
4
0
0
0
4
0
0
1
0
0
0
0
1
0
7
0
0
0
4
0
4
4
6
0
0
0
0
0
15
0
1
0
15
0
4
8
4
0
4
4
8
0
29
0
0
0
30
0
15
19
30
0
0
5
6
4
68
4
10
0
72
0
30
45
45
0
30
30
50
4
130
4
4
0
172
4
79
101
155
0
30
64
75
30
332
45
75
0
