0
0
1
0
0
2
0
0
5
0
0
15
1
0
46
4
0
147
15
0
485
56
0
1642
214
2
5669
822
15
19884
3171
84
70650
12280
420
253770
47733
1995
919986
186146
9177
3361816
727990
41300
12369903
2854158
182952
45792030
11214609
800949
170427821
44150554
3474730
637329209
174117603
14965911
397076417
687742075
64083018
39860129
723818103
273075390
200745100
791179077
160693846
805404444
791358999
908650243
104797913
851503932
704741713
824617706
830479316
90178648
284403375
511773428
479954522
34570394
903840586
713822865
906006082
360900471
636425217
717710909
752757179
371908345
294944232
388848999
272448883
50048294
251642741
221619277
349139368
862427426
391271583
943587821
227468067
219670786
866870446
173591764
