0
0
0
0
1
1
0
0
0
2
4
2
0
0
6
15
15
5
0
18
60
84
56
14
57
240
435
420
210
232
960
2148
2697
1980
1446
3990
10269
15859
15229
11315
18571
48473
88015
104090
89177
103076
232777
470378
657825
661070
667483
1182972
2467839
3935272
4586065
4650675
6576135
12997012
22679745
30062139
32648220
40137280
70422837
127983298
188422733
223881110
261648156
400764356
719140169
144499835
487856050
757584747
417512988
99336100
797931996
575013021
818510119
289389875
962681366
43428813
19783912
378438156
657087229
6978839
683862116
338886718
186395127
407858176
244125455
655109882
509528069
365804168
252057267
903752093
103453458
55361261
554911976
670837248
220980300
773066949
725582486
304690579
180814213
636347601
186876798
199967210
970261094
990739405
860018130
737962204
95242996
265987363
324185681
193469027
269540488
649238160
634356502
675566454
274584774
684236595
296033168
491470998
513714062
246877544
665820492
71686812
541308781
250923877
506576461
127606994
546147483
473852381
