0
0
0
0
0
0
0
0
0
0
0
0
0
0
0
0
0
0
0
0
0
0
0
0
0
1
0
0
0
0
0
0
0
1
0
0
0
0
0
0
0
0
0
0
0
0
0
0
0
0
1
2
0
0
0
1
0
0
1
4
0
1
0
0
0
0
0
2
0
0
0
0
0
0
1
0
4
5
1
0
0
4
1
0
8
16
0
5
1
4
0
0
4
15
1
4
0
0
0
0
5
7
15
14
4
0
4
15
8
5
45
62
8
19
8
30
4
6
45
88
8
34
4
17
0
4
34
71
60
61
20
1
30
64
53
63
232
244
69
75
79
176
46
83
348
469
94
206
60
189
23
79
300
527
270
345
113
96
168
305
364
565
1148
1067
438
336
594
969
438
778
2269
2416
822
1136
722
1455
343
921
2512
3436
1569
2119
812
1290
1005
1815
2747
4331
5690
5320
2577
2119
3881
5294
3675
6356
13598
12683
5996
6309
6587
9797
3908
8559
18873
21197
10717
13112
7388
11806
6867
13138
21630
30470
29979
29531
15754
16548
24100
30859
29086
47638
78328
