0
0
1
0
0
3
0
0
9
0
0
31
0
1
113
0
4
431
1
19
1697
4
86
6847
19
394
28162
88
1804
117635
408
8298
497688
1899
38304
2128243
8867
177409
9184081
41547
824107
39943848
195237
3838174
174912671
919894
17917135
770527667
4344341
83811371
417602604
20559094
392763845
209474800
97470598
845375949
960837026
462853519
680703847
836429288
204595523
865570982
44203871
498163211
599697995
878042179
49268889
699666298
864171589
832814493
624989443
12704316
775142108
326062788
313046527
459290328
818643209
514007128
230118892
452643204
321066708
459178362
972683577
71808664
418821268
774008081
583753540
766895406
703197567
770114915
887267656
225208337
526057002
433918579
200531290
796070745
984670220
725297495
439805277
843584595
100322687
190078712
