0
0
0
0
1
0
0
1
0
2
0
0
4
0
5
2
1
16
1
14
15
5
61
9
46
88
23
229
71
167
455
115
878
493
650
2189
648
3458
3056
2701
10146
3928
14002
17431
12032
46156
24085
58365
93854
57787
208389
144444
251058
485654
297243
940616
838196
1119232
2445657
1606108
4267464
4707497
5194439
12094274
8909203
19551099
25695668
25145323
59130473
49804879
90857032
137018288
126619014
287351287
277352598
430066045
717268352
658508169
396038034
531276264
83705886
707703840
509011631
792731483
348782745
315419374
950657214
927386338
250169695
953997131
238253222
206624858
688166396
227915020
429558667
901244133
706337954
388020793
521636669
442740036
278702919
962989056
16977420
558937760
228502324
243624278
202610068
278339977
85045776
710937995
259893057
6846581
818531263
77015075
522100897
947318803
652333924
