0
0
0
0
0
0
0
0
0
0
0
0
0
0
1
0
0
0
0
0
0
1
0
1
0
0
0
1
0
3
0
0
0
0
0
0
4
1
4
0
0
0
4
2
9
4
1
2
0
4
0
24
4
20
0
2
0
19
16
35
31
8
15
0
31
9
120
35
94
15
19
20
86
137
147
227
49
118
0
221
91
629
267
477
177
144
233
437
982
753
1453
376
821
130
1408
909
3294
2132
2514
1692
958
2181
2384
6745
4360
9091
2972
5565
1970
8809
7907
17921
16080
14259
13856
6820
17584
15076
44271
28926
55814
24729
36728
22133
54468
64706
101345
117444
86380
105852
51545
132271
106428
285548
206343
344036
202816
243146
209348
344249
500566
607227
831006
565445
771163
415833
949752
