0
0
0
0
0
0
0
0
0
0
0
0
0
1
0
0
0
0
0
0
0
0
0
0
0
1
0
2
0
0
0
0
0
0
0
0
0
0
0
5
0
5
0
0
0
0
0
0
0
0
0
2
0
19
1
14
0
1
1
0
0
0
1
0
1
20
0
71
4
42
0
4
4
0
0
1
4
5
4
120
4
266
15
136
4
15
15
0
4
4
20
75
15
618
34
1002
56
463
34
56
56
4
34
30
94
637
72
2960
198
3812
225
1628
202
214
225
36
221
347
423
4275
420
13603
1012
14664
