1
2
5
14
42
132
429
1430
4863
16801
58805
208083
743166
2675442
9698640
35372113
129699988
477850420
769833462
577797208
520556995
689430281
844678795
883648681
271617554
477137376
96417727
984041785
191819002
275758978
164957482
491993362
98084124
343435918
23379876
163353099
50840373
387127285
379501104
142561560
767829723
697819609
294633447
299934293
977928330
446118030
390963903
88691927
839964235
875790344
34131141
980082583
358734693
988714602
484778021
737116058
761452269
701615032
791471222
485791921
659858371
721276125
137875484
19750128
219306061
174243720
971279675
388386179
679939452
376107744
296166756
757378661
504539216
505688401
733042816
54057537
394103636
198709769
280105041
90906697
72885439
282240823
512061429
449154267
464979986
797153379
175170550
484853764
115303778
161560671
60078697
178497502
552314762
744651444
714081405
598530155
527163009
383566704
959684254
549829329
757745922
382928330
291395024
604230519
523762359
522846684
807239659
