0
0
1
0
0
2
0
0
5
0
0
14
0
0
42
0
0
132
1
1
429
4
4
1430
15
15
4862
57
56
16797
214
210
58791
807
792
208031
3059
3005
742975
11652
11455
2674736
44565
43842
9696016
171047
168385
35362313
658510
648664
129663239
2541916
2505370
477712144
9834867
9698836
769311705
38129873
37622400
575823843
148098854
146202357
513078704
576159684
569062695
661043329
248255219
221671078
736773331
771173841
671528096
472991335
263489406
888090967
703721915
972569435
569616448
502274771
367548252
104941778
301464086
218382948
491786785
974019343
176365831
290058050
926041338
263479661
763677789
86989954
6915402
483638612
181425034
731875787
94531921
126684392
251053860
583703904
795622100
762151918
936679855
3103910
156857100
64857955
861970142
538711690
