1
66
2145
45540
705375
8411634
79170399
590412240
433549821
805199858
641925078
26214338
