YES
4
6 0 3 9
YES
5
5 3 1 2 4
NO
YES
6
8 12 6 2 4 10
