0 1 2 3 4 6 9 12 18 27 36 54 81 108 162 243 324 486 729 972 1458 2187 2916 4374 6561 8748 13122 19683 26244 39366
