999999103729729034.234874785905930240000000000000000000
