Infinite
Infinite
Infinite
Infinite
Infinite
Infinite
Infinite
Infinite
Infinite
Infinite
Infinite
Infinite
Infinite
Infinite
Infinite
Finite
Finite
Infinite
Finite
Infinite
