Infinite
Infinite
Infinite
Infinite
Infinite
Infinite
Infinite
Infinite
Infinite
Infinite
Infinite
Infinite
Infinite
Infinite
Infinite
Infinite
Finite
Finite
Infinite
Infinite
