Infinite
Infinite
Infinite
Infinite
Infinite
Infinite
Infinite
Infinite
Infinite
Infinite
Infinite
Infinite
Infinite
Infinite
Infinite
Infinite
Infinite
Infinite
Infinite
Infinite
