Infinite
Infinite
Infinite
Infinite
Infinite
Infinite
Infinite
Infinite
Infinite
Infinite
Infinite
Infinite
Infinite
Infinite
Infinite
Infinite
Infinite
Infinite
Finite
Infinite
