Case #1: 1645320
Case #2: 33315064
Case #3: 778303
Case #4: 8240529
Case #5: 437384
Case #6: 2286510
Case #7: 6963374
Case #8: 0
Case #9: 0
Case #10: 907592
Case #11: 0
Case #12: 697327
Case #13: 4156428
Case #14: 4589254
Case #15: 59108176
Case #16: 31104515
Case #17: 2
Case #18: 10254945
Case #19: 0
Case #20: 32833
Case #21: 132748
Case #22: 25461827
Case #23: 39100184
Case #24: 0
Case #25: 188
Case #26: 0
Case #27: 960469
Case #28: 18137497
Case #29: 330330
Case #30: 671796
Case #31: 148472118
Case #32: 58222271
Case #33: 18002252
Case #34: 0
Case #35: 0
Case #36: 0
Case #37: 146
Case #38: 16016
Case #39: 735866676
Case #40: 24581824
Case #41: 36
Case #42: 230182
Case #43: 17228709
Case #44: 0
Case #45: 165
Case #46: 29639004
Case #47: 553484346
Case #48: 165
Case #49: 52510928
Case #50: 17236422
Case #51: 8808845
Case #52: 64753838
Case #53: 32
Case #54: 274610
Case #55: 1109920
Case #56: 0
Case #57: 10269141
Case #58: 3280
Case #59: 834058048
Case #60: 42545057
Case #61: 1626785
Case #62: 154206
Case #63: 9898960
Case #64: 220988
Case #65: 1542116
Case #66: 1
Case #67: 3018037
Case #68: 41898492
Case #69: 24358475
Case #70: 0
Case #71: 944403
Case #72: 0
Case #73: 0
Case #74: 3391455
Case #75: 16770582
