598946612 718735934 862483121 635682004 163871793
