2
7
16
93
1
321969783
856998846
371661809
969409843
607723520
