issaldisialdisingth
itisgmofingmofingth
itissthatheuhatheuh
isianriteearisingth
isialdisingmofingth
isingthatheuhatheuh
isialdisialdoftheuh
isialdisialmostheuh
itissurpriteeptteuh
issearihyrprisingth
