1.0000000000000000
1.0833333333333333
1.2569444444444444
1.5353009259259260
1.6915991512345676
2.0513639724794235
5.7894594000345325
13.789629635263326
27.122962962962941
267.12296296296188
