1
2
3
22
2
12
7
2
13
18
8
14
3
10
15
5
3
11
2
3
4
9
17
4
5
12
13
6
17
4
6
6
16
10
3
1
4
4
19
10
12
15
4
1
10
11
3
10
14
6
9
6
5
12
1
5
9
5
9
17
15
21
