1
2
3
4
5
6
7
8
9
19
29
39
49
59
69
79
89
99
199
299
399
499
599
699
799
899
999
1099
1199
1299
1399
1499
1599
1699
1799
1899
1999
2999
3999
4999
5999
6999
7999
8999
9999
10999
11999
12999
13999
14999
